0 verbose cli C:\Program Files\nodejs\node.exe C:\Program Files\nodejs\node_modules\npm\bin\npm-cli.js
1 info using npm@10.9.3
2 info using node@v22.19.0
3 silly config load:file:C:\Program Files\nodejs\node_modules\npm\npmrc
4 silly config load:file:C:\Users\Hp 1030 X360\Documents\Mercy-fx\mercy-dev-studio\.npmrc
5 silly config load:file:C:\Users\Hp 1030 X360\.npmrc
6 silly config load:file:C:\Users\Hp 1030 X360\AppData\Roaming\npm\etc\npmrc
7 verbose title npm install next@14 react@18.2.0 react-dom@18.2.0 eslint-config-next@14 @types/react@18 @types/react-dom@18
8 verbose argv "install" "next@14" "react@18.2.0" "react-dom@18.2.0" "eslint-config-next@14" "@types/react@18" "@types/react-dom@18" "--cache" ".npm-cache"
9 verbose logfile logs-max:10 dir:C:\Users\Hp 1030 X360\Documents\Mercy-fx\mercy-dev-studio\.npm-cache\_logs\2026-06-18T13_28_25_963Z-
10 verbose logfile C:\Users\Hp 1030 X360\Documents\Mercy-fx\mercy-dev-studio\.npm-cache\_logs\2026-06-18T13_28_25_963Z-debug-0.log
11 silly logfile done cleaning log files
12 silly packumentCache heap:4345298944 maxSize:1086324736 maxEntrySize:543162368
13 silly idealTree buildDeps
14 silly fetch manifest next@14
15 silly packumentCache full:https://registry.npmjs.org/next cache-miss
16 verbose shrinkwrap failed to load node_modules/.package-lock.json out of date, updated: node_modules
17 http fetch GET 200 https://registry.npmjs.org/npm 3257ms
18 http fetch GET 200 https://registry.npmjs.org/next 3142ms (cache miss)
19 silly packumentCache full:https://registry.npmjs.org/next set size:undefined disposed:false
20 silly fetch manifest @opentelemetry/api@^1.1.0
21 silly packumentCache full:https://registry.npmjs.org/@opentelemetry%2fapi cache-miss
22 http fetch GET 200 https://registry.npmjs.org/@opentelemetry%2fapi 322ms (cache miss)
23 silly packumentCache full:https://registry.npmjs.org/@opentelemetry%2fapi set size:undefined disposed:false
24 silly fetch manifest @playwright/test@^1.41.2
25 silly packumentCache full:https://registry.npmjs.org/@playwright%2ftest cache-miss
26 http fetch GET 200 https://registry.npmjs.org/@playwright%2ftest 1232ms (cache miss)
27 silly packumentCache full:https://registry.npmjs.org/@playwright%2ftest set size:undefined disposed:false
28 silly fetch manifest react@18.2.0
29 silly packumentCache full:https://registry.npmjs.org/react cache-miss
30 http fetch GET 200 https://registry.npmjs.org/react 1045ms (cache miss)
31 silly packumentCache full:https://registry.npmjs.org/react set size:undefined disposed:false
32 silly fetch manifest react-dom@18.2.0
33 silly packumentCache full:https://registry.npmjs.org/react-dom cache-miss
34 http fetch GET 200 https://registry.npmjs.org/react-dom 929ms (cache miss)
35 silly packumentCache full:https://registry.npmjs.org/react-dom set size:undefined disposed:false
36 silly fetch manifest sass@^1.3.0
37 silly packumentCache full:https://registry.npmjs.org/sass cache-miss
38 http fetch GET 200 https://registry.npmjs.org/sass 394ms (cache miss)
39 silly packumentCache full:https://registry.npmjs.org/sass set size:undefined disposed:false
40 silly fetch manifest @types/react@18
41 silly packumentCache full:https://registry.npmjs.org/@types%2freact cache-miss
42 http fetch GET 200 https://registry.npmjs.org/@types%2freact 407ms (cache miss)
43 silly packumentCache full:https://registry.npmjs.org/@types%2freact set size:undefined disposed:false
44 silly fetch manifest @types/react-dom@18
45 silly packumentCache full:https://registry.npmjs.org/@types%2freact-dom cache-miss
46 http fetch GET 200 https://registry.npmjs.org/@types%2freact-dom 387ms (cache miss)
47 silly packumentCache full:https://registry.npmjs.org/@types%2freact-dom set size:undefined disposed:false
48 silly fetch manifest eslint-config-next@14
49 silly packumentCache full:https://registry.npmjs.org/eslint-config-next cache-miss
50 http fetch GET 200 https://registry.npmjs.org/eslint-config-next 577ms (cache miss)
51 silly packumentCache full:https://registry.npmjs.org/eslint-config-next set size:undefined disposed:false
52 silly fetch manifest eslint@^9
53 silly packumentCache full:https://registry.npmjs.org/eslint cache-miss
54 http fetch GET 200 https://registry.npmjs.org/eslint 359ms (cache miss)
55 silly packumentCache full:https://registry.npmjs.org/eslint set size:undefined disposed:false
56 silly fetch manifest eslint@^7.23.0 || ^8.0.0
57 silly packumentCache full:https://registry.npmjs.org/eslint cache-miss
58 http cache https://registry.npmjs.org/eslint 304ms (cache hit)
59 silly packumentCache full:https://registry.npmjs.org/eslint set size:2011545 disposed:false
60 silly fetch manifest jiti@*
61 silly packumentCache full:https://registry.npmjs.org/jiti cache-miss
62 http fetch GET 200 https://registry.npmjs.org/jiti 287ms (cache miss)
63 silly packumentCache full:https://registry.npmjs.org/jiti set size:undefined disposed:false
64 verbose stack Error: unable to resolve dependency tree
64 verbose stack     at #failPeerConflict (C:\Program Files\nodejs\node_modules\npm\node_modules\@npmcli\arborist\lib\arborist\build-ideal-tree.js:1363:25)
64 verbose stack     at #loadPeerSet (C:\Program Files\nodejs\node_modules\npm\node_modules\@npmcli\arborist\lib\arborist\build-ideal-tree.js:1329:33)
64 verbose stack     at async #buildDepStep (C:\Program Files\nodejs\node_modules\npm\node_modules\@npmcli\arborist\lib\arborist\build-ideal-tree.js:904:11)
64 verbose stack     at async Arborist.buildIdealTree (C:\Program Files\nodejs\node_modules\npm\node_modules\@npmcli\arborist\lib\arborist\build-ideal-tree.js:181:7)
64 verbose stack     at async Promise.all (index 1)
64 verbose stack     at async Arborist.reify (C:\Program Files\nodejs\node_modules\npm\node_modules\@npmcli\arborist\lib\arborist\reify.js:131:5)
64 verbose stack     at async Install.exec (C:\Program Files\nodejs\node_modules\npm\lib\commands\install.js:150:5)
64 verbose stack     at async Npm.exec (C:\Program Files\nodejs\node_modules\npm\lib\npm.js:207:9)
64 verbose stack     at async module.exports (C:\Program Files\nodejs\node_modules\npm\lib\cli\entry.js:74:5)
65 error code ERESOLVE
66 error ERESOLVE unable to resolve dependency tree
67 error
68 error While resolving: mercy-dev-studio@0.1.0
68 error Found: eslint@9.39.4
68 error node_modules/eslint
68 error   dev eslint@"^9" from the root project
68 error
68 error Could not resolve dependency:
68 error peer eslint@"^7.23.0 || ^8.0.0" from eslint-config-next@14.2.35
68 error node_modules/eslint-config-next
68 error   dev eslint-config-next@"14" from the root project
68 error
68 error Fix the upstream dependency conflict, or retry
68 error this command with --force or --legacy-peer-deps
68 error to accept an incorrect (and potentially broken) dependency resolution.
69 error
69 error
69 error For a full report see:
69 error C:\Users\Hp 1030 X360\Documents\Mercy-fx\mercy-dev-studio\.npm-cache\_logs\2026-06-18T13_28_25_963Z-eresolve-report.txt
70 silly unfinished npm timer reify 1781789307846
71 silly unfinished npm timer reify:loadTrees 1781789307850
72 silly unfinished npm timer idealTree:buildDeps 1781789308622
73 silly unfinished npm timer idealTree:#root 1781789308627
74 verbose cwd C:\Users\Hp 1030 X360\Documents\Mercy-fx\mercy-dev-studio
75 verbose os Windows_NT 10.0.22621
76 verbose node v22.19.0
77 verbose npm  v10.9.3
78 notice
78 notice New major version of npm available! 10.9.3 -> 11.17.0
78 notice Changelog: https://github.com/npm/cli/releases/tag/v11.17.0
78 notice To update run: npm install -g npm@11.17.0
78 notice  { force: true, [Symbol(proc-log.meta)]: true }
79 verbose exit 1
80 verbose code 1
81 error A complete log of this run can be found in: C:\Users\Hp 1030 X360\Documents\Mercy-fx\mercy-dev-studio\.npm-cache\_logs\2026-06-18T13_28_25_963Z-debug-0.log
